2026-09-18 17:35:32.261308
#####################
WildfireCE_Fuel_map_validation_DE-CZ_CzechGlobe_model.tif
#####################
WildfireCE_Fuel_map_validation_AT-CZ_CzechGlobe_model.tif
#####################
fuel_model_carinthia.tif
/archivio02/shared/geodati/raster/GeoTESSERA/global_0.1_degree_representation/2023/grid_14.15_46.75/grid_14.15_46.75_2023.tiff  (NAs= 5 )
           x        y
       <num>    <num>
 1: 14.14915 46.79999
 2: 14.15072 46.79998
 3: 14.15112 46.79998
 4: 14.15151 46.79998
 5: 14.15190 46.79997
 6: 14.15230 46.79997
 7: 14.15387 46.79996
 8: 14.15426 46.79996
 9: 14.15465 46.79995
10: 14.15505 46.79995
/archivio02/shared/geodati/raster/GeoTESSERA/global_0.1_degree_representation/2023/grid_13.85_46.75/grid_13.85_46.75_2023.tiff  (NAs= 1 )
           x        y
       <num>    <num>
 1: 13.87909 46.79999
 2: 13.88145 46.79998
 3: 13.88224 46.79998
 4: 13.88302 46.79997
 5: 13.88578 46.79996
 6: 13.88656 46.79996
 7: 13.88696 46.79995
 8: 13.88735 46.79995
 9: 13.88774 46.79995
10: 13.88971 46.79994
/archivio02/shared/geodati/raster/GeoTESSERA/global_0.1_degree_representation/2023/grid_13.05_46.75/grid_13.05_46.75_2023.tiff  (NAs= 5 )
           x        y
       <num>    <num>
 1: 13.00015 46.79998
 2: 13.00054 46.79999
 3: 13.00094 46.79999
 4: 13.00133 46.79999
 5: 13.00172 46.79999
 6: 13.00211 46.79999
 7: 13.00251 46.79999
 8: 13.00290 46.79999
 9: 13.00329 46.79999
10: 13.00369 46.79999
/archivio02/shared/geodati/raster/GeoTESSERA/global_0.1_degree_representation/2023/grid_13.55_46.75/grid_13.55_46.75_2023.tiff  (NAs= 1 )
           x        y
       <num>    <num>
 1: 13.55597 46.80000
 2: 13.55637 46.80000
 3: 13.55676 46.80000
 4: 13.55715 46.80000
 5: 13.55754 46.80000
 6: 13.55794 46.80000
 7: 13.55833 46.80000
 8: 13.55872 46.79999
 9: 13.55912 46.79999
10: 13.55951 46.79999
/archivio02/shared/geodati/raster/GeoTESSERA/global_0.1_degree_representation/2023/grid_14.05_46.65/grid_14.05_46.65_2023.tiff  (NAs= 1 )
           x        y
       <num>    <num>
 1: 14.08799 46.70000
 2: 14.08838 46.69999
 3: 14.08878 46.69999
 4: 14.08917 46.69999
 5: 14.08956 46.69999
 6: 14.08995 46.69998
 7: 14.09035 46.69998
 8: 14.09074 46.69998
 9: 14.09113 46.69998
10: 14.09152 46.69997
/archivio02/shared/geodati/raster/GeoTESSERA/global_0.1_degree_representation/2023/grid_14.15_46.55/grid_14.15_46.55_2023.tiff  (NAs= 1 )
           x        y
       <num>    <num>
 1: 14.18920 46.59993
 2: 14.18959 46.59993
 3: 14.18998 46.59993
 4: 14.19037 46.59993
 5: 14.19076 46.59992
 6: 14.19115 46.59992
 7: 14.19194 46.59991
 8: 14.19233 46.59991
 9: 14.19311 46.59990
10: 14.19389 46.59990
#####################
fuel_model_thayatal.tif
/archivio02/shared/geodati/raster/GeoTESSERA/global_0.1_degree_representation/2023/grid_15.05_49.05/grid_15.05_49.05_2023.tiff  (NAs= 1 )
           x        y
       <num>    <num>
 1: 15.02046 49.02010
 2: 15.02086 49.01983
 3: 15.01878 49.01878
 4: 15.02493 49.01869
 5: 15.02492 49.01842
 6: 15.02574 49.01841
 7: 15.02491 49.01815
 8: 15.02573 49.01814
 9: 15.02572 49.01787
10: 15.01587 49.01774
/archivio02/shared/geodati/raster/GeoTESSERA/global_0.1_degree_representation/2023/grid_14.95_49.05/grid_14.95_49.05_2023.tiff  (NAs= 2 )
           x        y
       <num>    <num>
 1: 14.99608 49.01451
 2: 14.99607 49.01424
 3: 14.99522 49.01345
 4: 14.99604 49.01343
 5: 14.99645 49.01343
 6: 14.99686 49.01342
 7: 14.99727 49.01342
 8: 14.99850 49.01340
 9: 14.99644 49.01316
10: 14.99685 49.01315
/archivio02/shared/geodati/raster/GeoTESSERA/global_0.1_degree_representation/2023/grid_15.15_48.95/grid_15.15_48.95_2023.tiff  (NAs= 1 )
           x        y
       <num>    <num>
 1: 15.13298 48.99983
 2: 15.13339 48.99982
 3: 15.13380 48.99981
 4: 15.13297 48.99956
 5: 15.13338 48.99955
 6: 15.13379 48.99954
 7: 15.13420 48.99954
 8: 15.13255 48.99929
 9: 15.13296 48.99929
10: 15.13337 48.99928
/archivio02/shared/geodati/raster/GeoTESSERA/global_0.1_degree_representation/2023/grid_15.05_48.95/grid_15.05_48.95_2023.tiff  (NAs= 2 )
           x        y
       <num>    <num>
 1: 15.04974 48.99999
 2: 15.05097 48.99997
 3: 15.05220 48.99995
 4: 15.05261 48.99994
 5: 15.05302 48.99994
 6: 15.05342 48.99993
 7: 15.05506 48.99991
 8: 15.05588 48.99990
 9: 15.05629 48.99989
10: 15.05670 48.99988
/archivio02/shared/geodati/raster/GeoTESSERA/global_0.1_degree_representation/2023/grid_15.65_48.85/grid_15.65_48.85_2023.tiff  (NAs= 1 )
           x        y
       <num>    <num>
 1: 15.61199 48.89792
 2: 15.61240 48.89791
 3: 15.61198 48.89765
 4: 15.61239 48.89764
 5: 15.61156 48.89738
 6: 15.61196 48.89738
 7: 15.61237 48.89737
 8: 15.61278 48.89736
 9: 15.61319 48.89735
10: 15.61360 48.89734
/archivio02/shared/geodati/raster/GeoTESSERA/global_0.1_degree_representation/2023/grid_15.05_48.85/grid_15.05_48.85_2023.tiff  (NAs= 1 )
           x        y
       <num>    <num>
 1: 15.09673 48.89999
 2: 15.09714 48.89999
 3: 15.09755 48.89998
 4: 15.09796 48.89998
 5: 15.09919 48.89996
 6: 15.09960 48.89995
 7: 15.08077 48.89996
 8: 15.08118 48.89996
 9: 15.08159 48.89995
10: 15.08200 48.89994
/archivio02/shared/geodati/raster/GeoTESSERA/global_0.1_degree_representation/2023/grid_14.95_48.85/grid_14.95_48.85_2023.tiff  (NAs= 20 )
           x        y
       <num>    <num>
 1: 14.99359 48.89987
 2: 14.99400 48.89986
 3: 14.99563 48.89984
 4: 14.99604 48.89984
 5: 14.99645 48.89983
 6: 14.99686 48.89982
 7: 14.99727 48.89982
 8: 14.99891 48.89980
 9: 14.99932 48.89979
10: 14.99973 48.89978
/archivio02/shared/geodati/raster/GeoTESSERA/global_0.1_degree_representation/2023/grid_15.05_48.75/grid_15.05_48.75_2023.tiff  (NAs= 1 )
           x        y
       <num>    <num>
 1: 15.09248 48.79994
 2: 15.07043 48.80000
 3: 15.07084 48.79999
 4: 15.07124 48.79999
 5: 15.07165 48.79998
 6: 15.07206 48.79998
 7: 15.07247 48.79997
 8: 15.07288 48.79996
 9: 15.07329 48.79996
10: 15.07369 48.79995
/archivio02/shared/geodati/raster/GeoTESSERA/global_0.1_degree_representation/2023/grid_14.95_48.75/grid_14.95_48.75_2023.tiff  (NAs= 2 )
           x        y
       <num>    <num>
 1: 14.99649 48.79999
 2: 14.99690 48.79998
 3: 14.99731 48.79998
 4: 14.99812 48.79996
 5: 14.99853 48.79996
 6: 14.99894 48.79995
 7: 14.97647 48.80000
 8: 14.97688 48.79999
 9: 14.97729 48.79999
10: 14.97770 48.79998
/archivio02/shared/geodati/raster/GeoTESSERA/global_0.1_degree_representation/2023/grid_16.85_48.65/grid_16.85_48.65_2023.tiff  (NAs= 1 )
           x        y
       <num>    <num>
 1: 16.89625 48.70000
 2: 16.89665 48.69998
 3: 16.89706 48.69997
 4: 16.89747 48.69996
 5: 16.89787 48.69995
 6: 16.89828 48.69993
 7: 16.89869 48.69992
 8: 16.89910 48.69991
 9: 16.89950 48.69990
10: 16.89991 48.69988
/archivio02/shared/geodati/raster/GeoTESSERA/global_0.1_degree_representation/2023/grid_15.75_48.65/grid_15.75_48.65_2023.tiff  (NAs= 3 )
           x        y
       <num>    <num>
 1: 15.79448 48.69990
 2: 15.79488 48.69989
 3: 15.79529 48.69988
 4: 15.79570 48.69988
 5: 15.79611 48.69987
 6: 15.79651 48.69986
 7: 15.79692 48.69985
 8: 15.79733 48.69984
 9: 15.79774 48.69983
10: 15.79896 48.69981
/archivio02/shared/geodati/raster/GeoTESSERA/global_0.1_degree_representation/2023/grid_15.05_48.65/grid_15.05_48.65_2023.tiff  (NAs= 4 )
           x        y
       <num>    <num>
 1: 15.09886 48.69999
 2: 15.08377 48.69995
 3: 15.08540 48.69993
 4: 15.08744 48.69990
 5: 15.08784 48.69989
 6: 15.08988 48.69986
 7: 15.09233 48.69982
 8: 15.09273 48.69982
 9: 15.09559 48.69977
10: 15.09599 48.69977
/archivio02/shared/geodati/raster/GeoTESSERA/global_0.1_degree_representation/2023/grid_14.95_48.65/grid_14.95_48.65_2023.tiff  (NAs= 18 )
           x        y
       <num>    <num>
 1: 14.98755 48.69999
 2: 14.98796 48.69999
 3: 14.98837 48.69998
 4: 14.98878 48.69998
 5: 14.98918 48.69997
 6: 14.99041 48.69995
 7: 14.99122 48.69994
 8: 14.99163 48.69994
 9: 14.99204 48.69993
10: 14.99244 48.69993
/archivio02/shared/geodati/raster/GeoTESSERA/global_0.1_degree_representation/2023/grid_14.75_48.65/grid_14.75_48.65_2023.tiff  (NAs= 2 )
           x        y
       <num>    <num>
 1: 14.78290 48.70000
 2: 14.78331 48.69999
 3: 14.78494 48.69997
 4: 14.78983 48.69991
 5: 14.79023 48.69991
 6: 14.79064 48.69990
 7: 14.79146 48.69989
 8: 14.79227 48.69988
 9: 14.79268 48.69988
10: 14.79390 48.69986
/archivio02/shared/geodati/raster/GeoTESSERA/global_0.1_degree_representation/2023/grid_14.85_48.55/grid_14.85_48.55_2023.tiff  (NAs= 2 )
           x        y
       <num>    <num>
 1: 14.87937 48.60000
 2: 14.87978 48.59999
 3: 14.88018 48.59999
 4: 14.88059 48.59998
 5: 14.88100 48.59998
 6: 14.88466 48.59993
 7: 14.88506 48.59992
 8: 14.88547 48.59992
 9: 14.88628 48.59991
10: 14.88832 48.59988
/archivio02/shared/geodati/raster/GeoTESSERA/global_0.1_degree_representation/2023/grid_14.95_48.45/grid_14.95_48.45_2023.tiff  (NAs= 3 )
           x        y
       <num>    <num>
 1: 14.99090 48.49996
 2: 14.99293 48.49994
 3: 14.99334 48.49993
 4: 14.99577 48.49990
 5: 14.97303 48.49995
 6: 14.97344 48.49994
 7: 14.97385 48.49994
 8: 14.97425 48.49993
 9: 14.97466 48.49992
10: 14.97506 48.49992
