[2026-08-14 10:48:28] Starting processing 
[2026-08-14 10:48:28] step 01 
[2026-08-14 10:48:28] Skipping check in CLC dataset 
[2026-08-14 10:48:28] Creating VRT 
[2026-08-14 10:48:29] Creating VRT 
[2026-08-14 10:48:31] ETH_GlobalCanopyHeight_10m_2020_N45E009_Map.tif 
[2026-08-14 10:48:31] ETH_GlobalCanopyHeight_10m_2020_N45E009_Map_SD.tif 
[2026-08-14 10:48:31] ETH_GlobalCanopyHeight_10m_2020_N48E009_Map.tif 
[2026-08-14 10:48:31] ETH_GlobalCanopyHeight_10m_2020_N48E009_Map_SD.tif 
[2026-08-14 10:48:31] ETH_GlobalCanopyHeight_10m_2020_N51E009_Map.tif 
[2026-08-14 10:48:31] ETH_GlobalCanopyHeight_10m_2020_N51E009_Map_SD.tif 
[2026-08-14 10:48:31] ETH_GlobalCanopyHeight_10m_2020_N45E012_Map.tif 
[2026-08-14 10:48:31] ETH_GlobalCanopyHeight_10m_2020_N45E012_Map_SD.tif 
[2026-08-14 10:48:31] ETH_GlobalCanopyHeight_10m_2020_N48E012_Map.tif 
[2026-08-14 10:48:31] ETH_GlobalCanopyHeight_10m_2020_N48E012_Map_SD.tif 
[2026-08-14 10:48:31] ETH_GlobalCanopyHeight_10m_2020_N51E012_Map.tif 
[2026-08-14 10:48:31] ETH_GlobalCanopyHeight_10m_2020_N51E012_Map_SD.tif 
[2026-08-14 10:48:31] ETH_GlobalCanopyHeight_10m_2020_N45E015_Map.tif 
[2026-08-14 10:48:31] ETH_GlobalCanopyHeight_10m_2020_N45E015_Map_SD.tif 
[2026-08-14 10:48:31] ETH_GlobalCanopyHeight_10m_2020_N48E015_Map.tif 
[2026-08-14 10:48:31] ETH_GlobalCanopyHeight_10m_2020_N48E015_Map_SD.tif 
[2026-08-14 10:48:31] ETH_GlobalCanopyHeight_10m_2020_N51E015_Map.tif 
[2026-08-14 10:48:31] ETH_GlobalCanopyHeight_10m_2020_N51E015_Map_SD.tif 
[2026-08-14 10:48:31] ETH_GlobalCanopyHeight_10m_2020_N45E018_Map.tif 
[2026-08-14 10:48:31] ETH_GlobalCanopyHeight_10m_2020_N45E018_Map_SD.tif 
[2026-08-14 10:48:31] ETH_GlobalCanopyHeight_10m_2020_N48E018_Map.tif 
[2026-08-14 10:48:31] ETH_GlobalCanopyHeight_10m_2020_N48E018_Map_SD.tif 
[2026-08-14 10:48:31] ETH_GlobalCanopyHeight_10m_2020_N51E018_Map.tif 
[2026-08-14 10:48:31] ETH_GlobalCanopyHeight_10m_2020_N51E018_Map_SD.tif 
[2026-08-14 10:48:31] Creating VRT  
[2026-08-14 10:48:31] ETH Tree height tiles mosaic returned as list with values and SD rasters 
[2026-08-14 10:48:31] 3  missing Geotessera files - downloading 
[2026-08-14 10:48:31] Skipping check in GeoTESSERA dataset 
[2026-08-14 10:48:31] No new tiles downloaded 
[2026-08-14 10:48:31] GeoTESSERA Map downloaded and tile index provided (tiles are in different CRS) 
[2026-08-14 10:48:31] Fire Loss Map downloaded 
[2026-08-14 10:48:53] Loading xgboost model... 
[2026-08-14 10:48:54] importing parquet  
[2026-08-14 10:48:54] imported parquet 
[2026-08-14 10:48:55]  Getting only intersecting CLC tiles 
[2026-08-14 10:49:03] 1 CLC tiles to process found 
[2026-08-14 10:49:33] ...Preparing 
[2026-08-14 10:49:41] ......75810072 cell centers to lat long 
[2026-08-14 10:50:02] ......68456611 cell centers to lat long 
[2026-08-14 10:50:16] ......68456611==68456611 FINAL NUMBER OF cell centers to lat long - removing rest 
[2026-08-14 10:50:30] ... N cells diff is = 0 (should be zero) 
[2026-08-14 10:50:34] ...group by Geotessera tile 
[2026-08-14 10:50:41] ... [M]  start pbmclapply | Ncells 0.184 GB | Vcells 1.833 GB 
