[2026-08-14 09:38:35] Loading xgboost model... 
[2026-08-14 09:38:36] importing parquet  
[2026-08-14 09:38:36] imported parquet 
[2026-08-14 09:41:56] CLMS_CLCPLUS_RAS_S2023_R10m_E48N30_03035_V01_R00.tif  1 of 2 
[2026-08-14 09:42:02] ...Masking 1 
[2026-08-14 09:42:09] ...Masking 2 
[2026-08-14 09:42:14] ...Preparing 
[2026-08-14 09:42:19] ......75810072 cell centers to lat long 
[2026-08-14 09:42:39] ......68456611 cell centers to lat long 
[2026-08-14 09:42:56] ...68456611 cell centers to lat long 
[2026-08-14 09:43:09] ......68456611==68456611 FINAL NUMBER OF cell centers to lat long 
[2026-08-14 09:46:04] ... [M]  start pbmclapply | Ncells 0.253 GB | Vcells 3.944 GB 
[2026-08-14 10:01:37] ......75810072 cell centers to lat long 
[2026-08-14 10:01:57] ......68456611 cell centers to lat long 
[2026-08-14 10:02:15] ...68456611 cell centers to lat long 
[2026-08-14 10:02:28] ......68456611==68456611 FINAL NUMBER OF cell centers to lat long 
[2026-08-14 10:05:48] ......75810072 cell centers to lat long 
[2026-08-14 10:06:08] ......68456611 cell centers to lat long 
[2026-08-14 10:06:24] ......68456611==68456611 FINAL NUMBER OF cell centers to lat long 
[2026-08-14 10:24:04] ......75810072 cell centers to lat long 
[2026-08-14 10:24:23] ......68456611 cell centers to lat long 
[2026-08-14 10:24:35] ......68456611==68456611 FINAL NUMBER OF cell centers to lat long - removing rest 
[2026-08-14 10:24:52] ... N cells diff is =  (should be zero) 
[2026-08-14 10:25:02] ... N cells diff is = 0 (should be zero) 
[2026-08-14 10:25:15] ... [M]  start pbmclapply | Ncells 0.276 GB | Vcells 2.115 GB 
