[2026-08-14 11:07:51] Starting processing 
[2026-08-14 11:07:51] step 01 
[2026-08-14 11:07:51] Skipping check in CLC dataset 
[2026-08-14 11:07:51] Creating VRT 
[2026-08-14 11:07:53] Creating VRT 
[2026-08-14 11:07:54] ETH_GlobalCanopyHeight_10m_2020_N45E009_Map.tif 
[2026-08-14 11:07:54] ETH_GlobalCanopyHeight_10m_2020_N45E009_Map_SD.tif 
[2026-08-14 11:07:54] ETH_GlobalCanopyHeight_10m_2020_N48E009_Map.tif 
[2026-08-14 11:07:54] ETH_GlobalCanopyHeight_10m_2020_N48E009_Map_SD.tif 
[2026-08-14 11:07:54] ETH_GlobalCanopyHeight_10m_2020_N51E009_Map.tif 
[2026-08-14 11:07:54] ETH_GlobalCanopyHeight_10m_2020_N51E009_Map_SD.tif 
[2026-08-14 11:07:54] ETH_GlobalCanopyHeight_10m_2020_N45E012_Map.tif 
[2026-08-14 11:07:54] ETH_GlobalCanopyHeight_10m_2020_N45E012_Map_SD.tif 
[2026-08-14 11:07:54] ETH_GlobalCanopyHeight_10m_2020_N48E012_Map.tif 
[2026-08-14 11:07:54] ETH_GlobalCanopyHeight_10m_2020_N48E012_Map_SD.tif 
[2026-08-14 11:07:54] ETH_GlobalCanopyHeight_10m_2020_N51E012_Map.tif 
[2026-08-14 11:07:54] ETH_GlobalCanopyHeight_10m_2020_N51E012_Map_SD.tif 
[2026-08-14 11:07:54] ETH_GlobalCanopyHeight_10m_2020_N45E015_Map.tif 
[2026-08-14 11:07:54] ETH_GlobalCanopyHeight_10m_2020_N45E015_Map_SD.tif 
[2026-08-14 11:07:54] ETH_GlobalCanopyHeight_10m_2020_N48E015_Map.tif 
[2026-08-14 11:07:54] ETH_GlobalCanopyHeight_10m_2020_N48E015_Map_SD.tif 
[2026-08-14 11:07:54] ETH_GlobalCanopyHeight_10m_2020_N51E015_Map.tif 
[2026-08-14 11:07:54] ETH_GlobalCanopyHeight_10m_2020_N51E015_Map_SD.tif 
[2026-08-14 11:07:54] ETH_GlobalCanopyHeight_10m_2020_N45E018_Map.tif 
[2026-08-14 11:07:54] ETH_GlobalCanopyHeight_10m_2020_N45E018_Map_SD.tif 
[2026-08-14 11:07:54] ETH_GlobalCanopyHeight_10m_2020_N48E018_Map.tif 
[2026-08-14 11:07:54] ETH_GlobalCanopyHeight_10m_2020_N48E018_Map_SD.tif 
[2026-08-14 11:07:54] ETH_GlobalCanopyHeight_10m_2020_N51E018_Map.tif 
[2026-08-14 11:07:54] ETH_GlobalCanopyHeight_10m_2020_N51E018_Map_SD.tif 
[2026-08-14 11:07:54] Creating VRT  
[2026-08-14 11:07:54] ETH Tree height tiles mosaic returned as list with values and SD rasters 
[2026-08-14 11:07:55] 3  missing Geotessera files - downloading 
[2026-08-14 11:07:55] Skipping check in GeoTESSERA dataset 
[2026-08-14 11:07:55] No new tiles downloaded 
[2026-08-14 11:07:55] GeoTESSERA Map downloaded and tile index provided (tiles are in different CRS) 
[2026-08-14 11:07:55] Fire Loss Map downloaded 
